[2026-05-10 23:49:26] 🚀 Social Auto-Poster starting...
[2026-05-10 23:49:26] 📱 Posting to X/Twitter...
[twitter-auto-post] Reading blog-en articles from: /root/.openclaw/workspace/vincent-site/src/content/blog-en
[twitter-auto-post] Found 278 files
[twitter-auto-post] Latest post: "\ud83d\udea8 BREAKING: US War Department Releases 162 Declassified UFO Files via WAR.GOV \u2014 Trump''s PURSUE Program" (2026-05-08T22:00:00.000Z)
[twitter-auto-post] Generated tweet (278 chars):
---
🛸 \ud83d\udea8 BREAKING: US War Department Releases 162 Declassified UFO Files via WAR.GOV \u2014 Trump''s PURSU…

UFO/UAP news coverage: BREAKING: US War Department Releases 162 Declassified UFO Files via W…

Read more: https://disclosurehk.com/blog/ufo-breaking-202605082220/
---
[twitter-auto-post] Posting to X via xurl...
[twitter-auto-post] ❌ Failed to post: Command failed: xurl post "🛸 \\ud83d\\udea8 BREAKING: US War Department Releases 162 Declassified UFO Files via WAR.GOV \\u2014 Trump''s PURSU…\n\nUFO/UAP news coverage: BREAKING: US War Department Releases 162 Declassified UFO Files via W…\n\nRead more: https://disclosurehk.com/blog/ufo-breaking-202605082220/"
[2026-05-10 23:51:10] 🚀 Social Auto-Poster starting...
[2026-05-10 23:51:10] 📱 Posting to Telegram...
[telegram-auto-post] Reading blog-en articles from: /root/.openclaw/workspace/vincent-site/src/content/blog-en
[telegram-auto-post] Latest: "\ud83d\udea8 BREAKING: US War Department Releases 162 Declassified UFO Files via WAR.GOV \u2014 Trump''s PURSUE Program" (2026-05-08T22:00:00.000Z)
[telegram-auto-post] ✅ Sent to Telegram channel 8187970729
{"ok":true,"message_id":5247}
[2026-05-10 23:51:10]    ✅ Telegram post successful
[2026-05-10 23:51:10] ✅ Social Auto-Poster done.
